[    1685ms] [ERROR] Failed to load resource: net::ERR_NAME_NOT_RESOLVED @ https://thornode.thorchain.network/cosmos/base/tendermint/v1beta1/blocks/latest?tcwiki_cache_bust=1787345180790:0
[   61816ms] [ERROR] Failed to load resource: net::ERR_NAME_NOT_RESOLVED @ https://thornode.thorchain.network/cosmos/base/tendermint/v1beta1/blocks/latest?tcwiki_cache_bust=1787345240927:0
[  122259ms] [ERROR] Failed to load resource: net::ERR_NAME_NOT_RESOLVED @ https://thornode.thorchain.network/cosmos/base/tendermint/v1beta1/blocks/latest?tcwiki_cache_bust=1787345301370:0
[  182764ms] [ERROR] Failed to load resource: net::ERR_NAME_NOT_RESOLVED @ https://thornode.thorchain.network/cosmos/base/tendermint/v1beta1/blocks/latest?tcwiki_cache_bust=1787345361867:0
[  243171ms] [ERROR] Failed to load resource: net::ERR_NAME_NOT_RESOLVED @ https://thornode.thorchain.network/cosmos/base/tendermint/v1beta1/blocks/latest?tcwiki_cache_bust=1787345422284:0
[  303649ms] [ERROR] Failed to load resource: net::ERR_NAME_NOT_RESOLVED @ https://thornode.thorchain.network/cosmos/base/tendermint/v1beta1/blocks/latest?tcwiki_cache_bust=1787345482662:0
[  364035ms] [ERROR] Failed to load resource: net::ERR_NAME_NOT_RESOLVED @ https://thornode.thorchain.network/cosmos/base/tendermint/v1beta1/blocks/latest?tcwiki_cache_bust=1787345543145:0
[  424509ms] [ERROR] Failed to load resource: net::ERR_NAME_NOT_RESOLVED @ https://thornode.thorchain.network/cosmos/base/tendermint/v1beta1/blocks/latest?tcwiki_cache_bust=1787345603614:0
[  484903ms] [ERROR] Failed to load resource: net::ERR_NAME_NOT_RESOLVED @ https://thornode.thorchain.network/cosmos/base/tendermint/v1beta1/blocks/latest?tcwiki_cache_bust=1787345664017:0
[  545881ms] [ERROR] Failed to load resource: net::ERR_NAME_NOT_RESOLVED @ https://thornode.thorchain.network/cosmos/base/tendermint/v1beta1/blocks/latest?tcwiki_cache_bust=1787345724892:0
[  606299ms] [ERROR] Failed to load resource: net::ERR_NAME_NOT_RESOLVED @ https://thornode.thorchain.network/cosmos/base/tendermint/v1beta1/blocks/latest?tcwiki_cache_bust=1787345785406:0
[  666795ms] [ERROR] Failed to load resource: net::ERR_NAME_NOT_RESOLVED @ https://thornode.thorchain.network/cosmos/base/tendermint/v1beta1/blocks/latest?tcwiki_cache_bust=1787345845907:0
[  727835ms] [ERROR] Failed to load resource: net::ERR_NAME_NOT_RESOLVED @ https://thornode.thorchain.network/cosmos/base/tendermint/v1beta1/blocks/latest?tcwiki_cache_bust=1787345906931:0
[  788422ms] [ERROR] Failed to load resource: net::ERR_NAME_NOT_RESOLVED @ https://thornode.thorchain.network/cosmos/base/tendermint/v1beta1/blocks/latest?tcwiki_cache_bust=1787345967530:0
[  848712ms] [ERROR] Failed to load resource: net::ERR_NAME_NOT_RESOLVED @ https://thornode.thorchain.network/cosmos/base/tendermint/v1beta1/blocks/latest?tcwiki_cache_bust=1787346027821:0
[  909044ms] [ERROR] Failed to load resource: net::ERR_NAME_NOT_RESOLVED @ https://thornode.thorchain.network/cosmos/base/tendermint/v1beta1/blocks/latest?tcwiki_cache_bust=1787346088154:0
[  969515ms] [ERROR] Failed to load resource: net::ERR_NAME_NOT_RESOLVED @ https://thornode.thorchain.network/cosmos/base/tendermint/v1beta1/blocks/latest?tcwiki_cache_bust=1787346148627:0
[ 1029899ms] [ERROR] Failed to load resource: net::ERR_NAME_NOT_RESOLVED @ https://thornode.thorchain.network/cosmos/base/tendermint/v1beta1/blocks/latest?tcwiki_cache_bust=1787346209009:0
[ 1090370ms] [ERROR] Failed to load resource: net::ERR_NAME_NOT_RESOLVED @ https://thornode.thorchain.network/cosmos/base/tendermint/v1beta1/blocks/latest?tcwiki_cache_bust=1787346269479:0
[ 1150769ms] [ERROR] Failed to load resource: net::ERR_NAME_NOT_RESOLVED @ https://thornode.thorchain.network/cosmos/base/tendermint/v1beta1/blocks/latest?tcwiki_cache_bust=1787346329878:0
[ 1211735ms] [ERROR] Failed to load resource: net::ERR_NAME_NOT_RESOLVED @ https://thornode.thorchain.network/cosmos/base/tendermint/v1beta1/blocks/latest?tcwiki_cache_bust=1787346390754:0
[ 1272201ms] [ERROR] Failed to load resource: net::ERR_NAME_NOT_RESOLVED @ https://thornode.thorchain.network/cosmos/base/tendermint/v1beta1/blocks/latest?tcwiki_cache_bust=1787346451310:0
[ 1332639ms] [ERROR] Failed to load resource: net::ERR_NAME_NOT_RESOLVED @ https://thornode.thorchain.network/cosmos/base/tendermint/v1beta1/blocks/latest?tcwiki_cache_bust=1787346511751:0
[ 1393516ms] [ERROR] Failed to load resource: net::ERR_NAME_NOT_RESOLVED @ https://thornode.thorchain.network/cosmos/base/tendermint/v1beta1/blocks/latest?tcwiki_cache_bust=1787346572628:0
[ 1453952ms] [ERROR] Failed to load resource: net::ERR_NAME_NOT_RESOLVED @ https://thornode.thorchain.network/cosmos/base/tendermint/v1beta1/blocks/latest?tcwiki_cache_bust=1787346632968:0
[ 1514463ms] [ERROR] Failed to load resource: net::ERR_NAME_NOT_RESOLVED @ https://thornode.thorchain.network/cosmos/base/tendermint/v1beta1/blocks/latest?tcwiki_cache_bust=1787346693572:0
[ 1575392ms] [ERROR] Failed to load resource: net::ERR_NAME_NOT_RESOLVED @ https://thornode.thorchain.network/cosmos/base/tendermint/v1beta1/blocks/latest?tcwiki_cache_bust=1787346754501:0
[ 1635948ms] [ERROR] Failed to load resource: net::ERR_NAME_NOT_RESOLVED @ https://thornode.thorchain.network/cosmos/base/tendermint/v1beta1/blocks/latest?tcwiki_cache_bust=1787346815054:0
[ 1696551ms] [ERROR] Failed to load resource: net::ERR_NAME_NOT_RESOLVED @ https://thornode.thorchain.network/cosmos/base/tendermint/v1beta1/blocks/latest?tcwiki_cache_bust=1787346875665:0
[ 1757010ms] [ERROR] Failed to load resource: net::ERR_NAME_NOT_RESOLVED @ https://thornode.thorchain.network/cosmos/base/tendermint/v1beta1/blocks/latest?tcwiki_cache_bust=1787346936121:0
[ 1817543ms] [ERROR] Failed to load resource: net::ERR_NAME_NOT_RESOLVED @ https://thornode.thorchain.network/cosmos/base/tendermint/v1beta1/blocks/latest?tcwiki_cache_bust=1787346996636:0
[ 1878120ms] [ERROR] Failed to load resource: net::ERR_NAME_NOT_RESOLVED @ https://thornode.thorchain.network/cosmos/base/tendermint/v1beta1/blocks/latest?tcwiki_cache_bust=1787347057138:0
[ 1938725ms] [ERROR] Failed to load resource: net::ERR_NAME_NOT_RESOLVED @ https://thornode.thorchain.network/cosmos/base/tendermint/v1beta1/blocks/latest?tcwiki_cache_bust=1787347117833:0
[ 1999235ms] [ERROR] Failed to load resource: net::ERR_NAME_NOT_RESOLVED @ https://thornode.thorchain.network/cosmos/base/tendermint/v1beta1/blocks/latest?tcwiki_cache_bust=1787347178344:0
[ 2060052ms] [ERROR] Failed to load resource: net::ERR_NAME_NOT_RESOLVED @ https://thornode.thorchain.network/cosmos/base/tendermint/v1beta1/blocks/latest?tcwiki_cache_bust=1787347239161:0
[ 2120559ms] [ERROR] Failed to load resource: net::ERR_NAME_NOT_RESOLVED @ https://thornode.thorchain.network/cosmos/base/tendermint/v1beta1/blocks/latest?tcwiki_cache_bust=1787347299666:0
[ 2168041ms] [ERROR] Failed to load resource: the server responded with a status of 500 (Internal Server Error) @ https://gateway.liquify.com/chain/thorchain_midgard/v2/health:0
[ 2168091ms] [ERROR] Failed to load resource: net::ERR_NAME_NOT_RESOLVED @ https://midgard.thorchain.network/v2/health:0
[ 2169516ms] [ERROR] Failed to load resource: the server responded with a status of 500 (Internal Server Error) @ https://gateway.liquify.com/chain/thorchain_midgard/v2/network:0
[ 2169625ms] [ERROR] Failed to load resource: net::ERR_NAME_NOT_RESOLVED @ https://midgard.thorchain.network/v2/network:0
[ 2181356ms] [ERROR] Failed to load resource: the server responded with a status of 500 (Internal Server Error) @ https://gateway.liquify.com/chain/thorchain_api/thorchain/lastblock?height=27524349:0
[ 2181373ms] [ERROR] Failed to load resource: net::ERR_NAME_NOT_RESOLVED @ https://thornode.thorchain.network/cosmos/base/tendermint/v1beta1/blocks/latest?tcwiki_cache_bust=1787347360480:0
[ 2241838ms] [ERROR] Failed to load resource: net::ERR_NAME_NOT_RESOLVED @ https://thornode.thorchain.network/cosmos/base/tendermint/v1beta1/blocks/latest?tcwiki_cache_bust=1787347420937:0
[ 2302610ms] [ERROR] Failed to load resource: net::ERR_NAME_NOT_RESOLVED @ https://thornode.thorchain.network/cosmos/base/tendermint/v1beta1/blocks/latest?tcwiki_cache_bust=1787347481722:0
[ 2363417ms] [ERROR] Failed to load resource: net::ERR_NAME_NOT_RESOLVED @ https://thornode.thorchain.network/cosmos/base/tendermint/v1beta1/blocks/latest?tcwiki_cache_bust=1787347542525:0
[ 2423921ms] [ERROR] Failed to load resource: net::ERR_NAME_NOT_RESOLVED @ https://thornode.thorchain.network/cosmos/base/tendermint/v1beta1/blocks/latest?tcwiki_cache_bust=1787347603025:0
[ 2484335ms] [ERROR] Failed to load resource: net::ERR_NAME_NOT_RESOLVED @ https://thornode.thorchain.network/cosmos/base/tendermint/v1beta1/blocks/latest?tcwiki_cache_bust=1787347663446:0
[ 2544820ms] [ERROR] Failed to load resource: net::ERR_NAME_NOT_RESOLVED @ https://thornode.thorchain.network/cosmos/base/tendermint/v1beta1/blocks/latest?tcwiki_cache_bust=1787347723932:0
[ 2605317ms] [ERROR] Failed to load resource: net::ERR_NAME_NOT_RESOLVED @ https://thornode.thorchain.network/cosmos/base/tendermint/v1beta1/blocks/latest?tcwiki_cache_bust=1787347784428:0
[ 2665731ms] [ERROR] Failed to load resource: net::ERR_NAME_NOT_RESOLVED @ https://thornode.thorchain.network/cosmos/base/tendermint/v1beta1/blocks/latest?tcwiki_cache_bust=1787347844836:0
[ 2726260ms] [ERROR] Failed to load resource: net::ERR_NAME_NOT_RESOLVED @ https://thornode.thorchain.network/cosmos/base/tendermint/v1beta1/blocks/latest?tcwiki_cache_bust=1787347905371:0
[ 2787111ms] [ERROR] Failed to load resource: net::ERR_NAME_NOT_RESOLVED @ https://thornode.thorchain.network/cosmos/base/tendermint/v1beta1/blocks/latest?tcwiki_cache_bust=1787347966224:0
[ 2847539ms] [ERROR] Failed to load resource: net::ERR_NAME_NOT_RESOLVED @ https://thornode.thorchain.network/cosmos/base/tendermint/v1beta1/blocks/latest?tcwiki_cache_bust=1787348026649:0
[ 2907927ms] [ERROR] Failed to load resource: net::ERR_NAME_NOT_RESOLVED @ https://thornode.thorchain.network/cosmos/base/tendermint/v1beta1/blocks/latest?tcwiki_cache_bust=1787348087037:0
[ 2968378ms] [ERROR] Failed to load resource: net::ERR_NAME_NOT_RESOLVED @ https://thornode.thorchain.network/cosmos/base/tendermint/v1beta1/blocks/latest?tcwiki_cache_bust=1787348147491:0
[ 3029019ms] [ERROR] Failed to load resource: net::ERR_NAME_NOT_RESOLVED @ https://thornode.thorchain.network/cosmos/base/tendermint/v1beta1/blocks/latest?tcwiki_cache_bust=1787348208124:0
[ 3089503ms] [ERROR] Failed to load resource: net::ERR_NAME_NOT_RESOLVED @ https://thornode.thorchain.network/cosmos/base/tendermint/v1beta1/blocks/latest?tcwiki_cache_bust=1787348268613:0
[ 3150057ms] [ERROR] Failed to load resource: net::ERR_NAME_NOT_RESOLVED @ https://thornode.thorchain.network/cosmos/base/tendermint/v1beta1/blocks/latest?tcwiki_cache_bust=1787348329036:0
[ 3210577ms] [ERROR] Failed to load resource: net::ERR_NAME_NOT_RESOLVED @ https://thornode.thorchain.network/cosmos/base/tendermint/v1beta1/blocks/latest?tcwiki_cache_bust=1787348389689:0
[ 3271013ms] [ERROR] Failed to load resource: net::ERR_NAME_NOT_RESOLVED @ https://thornode.thorchain.network/cosmos/base/tendermint/v1beta1/blocks/latest?tcwiki_cache_bust=1787348450125:0
[ 3331973ms] [ERROR] Failed to load resource: net::ERR_NAME_NOT_RESOLVED @ https://thornode.thorchain.network/cosmos/base/tendermint/v1beta1/blocks/latest?tcwiki_cache_bust=1787348510995:0
[ 3392335ms] [ERROR] Failed to load resource: net::ERR_NAME_NOT_RESOLVED @ https://thornode.thorchain.network/cosmos/base/tendermint/v1beta1/blocks/latest?tcwiki_cache_bust=1787348571446:0
[ 3453211ms] [ERROR] Failed to load resource: net::ERR_NAME_NOT_RESOLVED @ https://thornode.thorchain.network/cosmos/base/tendermint/v1beta1/blocks/latest?tcwiki_cache_bust=1787348632323:0
[ 3513703ms] [ERROR] Failed to load resource: net::ERR_NAME_NOT_RESOLVED @ https://thornode.thorchain.network/cosmos/base/tendermint/v1beta1/blocks/latest?tcwiki_cache_bust=1787348692813:0
[ 3574250ms] [ERROR] Failed to load resource: net::ERR_NAME_NOT_RESOLVED @ https://thornode.thorchain.network/cosmos/base/tendermint/v1beta1/blocks/latest?tcwiki_cache_bust=1787348753359:0
[ 3634655ms] [ERROR] Failed to load resource: net::ERR_NAME_NOT_RESOLVED @ https://thornode.thorchain.network/cosmos/base/tendermint/v1beta1/blocks/latest?tcwiki_cache_bust=1787348813768:0
