[    1930ms] [ERROR] Failed to load resource: net::ERR_NAME_NOT_RESOLVED @ https://thornode.thorchain.network/cosmos/base/tendermint/v1beta1/blocks/latest?tcwiki_cache_bust=1787345190888:0
[   61585ms] [ERROR] Failed to load resource: net::ERR_NAME_NOT_RESOLVED @ https://thornode.thorchain.network/cosmos/base/tendermint/v1beta1/blocks/latest?tcwiki_cache_bust=1787345250543:0
[  122047ms] [ERROR] Failed to load resource: net::ERR_NAME_NOT_RESOLVED @ https://thornode.thorchain.network/cosmos/base/tendermint/v1beta1/blocks/latest?tcwiki_cache_bust=1787345311008:0
[  182378ms] [ERROR] Failed to load resource: net::ERR_NAME_NOT_RESOLVED @ https://thornode.thorchain.network/cosmos/base/tendermint/v1beta1/blocks/latest?tcwiki_cache_bust=1787345371327:0
[  243215ms] [ERROR] Failed to load resource: net::ERR_NAME_NOT_RESOLVED @ https://thornode.thorchain.network/cosmos/base/tendermint/v1beta1/blocks/latest?tcwiki_cache_bust=1787345432176:0
[  304065ms] [ERROR] Failed to load resource: net::ERR_NAME_NOT_RESOLVED @ https://thornode.thorchain.network/cosmos/base/tendermint/v1beta1/blocks/latest?tcwiki_cache_bust=1787345493020:0
[  364577ms] [ERROR] Failed to load resource: net::ERR_NAME_NOT_RESOLVED @ https://thornode.thorchain.network/cosmos/base/tendermint/v1beta1/blocks/latest?tcwiki_cache_bust=1787345553444:0
[  425422ms] [ERROR] Failed to load resource: net::ERR_NAME_NOT_RESOLVED @ https://thornode.thorchain.network/cosmos/base/tendermint/v1beta1/blocks/latest?tcwiki_cache_bust=1787345614381:0
[  485921ms] [ERROR] Failed to load resource: net::ERR_NAME_NOT_RESOLVED @ https://thornode.thorchain.network/cosmos/base/tendermint/v1beta1/blocks/latest?tcwiki_cache_bust=1787345674870:0
[  546379ms] [ERROR] Failed to load resource: net::ERR_NAME_NOT_RESOLVED @ https://thornode.thorchain.network/cosmos/base/tendermint/v1beta1/blocks/latest?tcwiki_cache_bust=1787345735331:0
[  607349ms] [ERROR] Failed to load resource: net::ERR_NAME_NOT_RESOLVED @ https://thornode.thorchain.network/cosmos/base/tendermint/v1beta1/blocks/latest?tcwiki_cache_bust=1787345796311:0
[  667795ms] [ERROR] Failed to load resource: net::ERR_NAME_NOT_RESOLVED @ https://thornode.thorchain.network/cosmos/base/tendermint/v1beta1/blocks/latest?tcwiki_cache_bust=1787345856756:0
[  728291ms] [ERROR] Failed to load resource: net::ERR_NAME_NOT_RESOLVED @ https://thornode.thorchain.network/cosmos/base/tendermint/v1beta1/blocks/latest?tcwiki_cache_bust=1787345917253:0
[  789293ms] [ERROR] Failed to load resource: net::ERR_NAME_NOT_RESOLVED @ https://thornode.thorchain.network/cosmos/base/tendermint/v1beta1/blocks/latest?tcwiki_cache_bust=1787345978230:0
[  849738ms] [ERROR] Failed to load resource: net::ERR_NAME_NOT_RESOLVED @ https://thornode.thorchain.network/cosmos/base/tendermint/v1beta1/blocks/latest?tcwiki_cache_bust=1787346038697:0
[  910633ms] [ERROR] Failed to load resource: net::ERR_NAME_NOT_RESOLVED @ https://thornode.thorchain.network/cosmos/base/tendermint/v1beta1/blocks/latest?tcwiki_cache_bust=1787346099593:0
[  971080ms] [ERROR] Failed to load resource: net::ERR_NAME_NOT_RESOLVED @ https://thornode.thorchain.network/cosmos/base/tendermint/v1beta1/blocks/latest?tcwiki_cache_bust=1787346160041:0
[ 1032063ms] [ERROR] Failed to load resource: net::ERR_NAME_NOT_RESOLVED @ https://thornode.thorchain.network/cosmos/base/tendermint/v1beta1/blocks/latest?tcwiki_cache_bust=1787346221020:0
[ 1093099ms] [ERROR] Failed to load resource: net::ERR_NAME_NOT_RESOLVED @ https://thornode.thorchain.network/cosmos/base/tendermint/v1beta1/blocks/latest?tcwiki_cache_bust=1787346282061:0
[ 1154055ms] [ERROR] Failed to load resource: net::ERR_NAME_NOT_RESOLVED @ https://thornode.thorchain.network/cosmos/base/tendermint/v1beta1/blocks/latest?tcwiki_cache_bust=1787346343015:0
[ 1214485ms] [ERROR] Failed to load resource: net::ERR_NAME_NOT_RESOLVED @ https://thornode.thorchain.network/cosmos/base/tendermint/v1beta1/blocks/latest?tcwiki_cache_bust=1787346403440:0
[ 1274938ms] [ERROR] Failed to load resource: net::ERR_NAME_NOT_RESOLVED @ https://thornode.thorchain.network/cosmos/base/tendermint/v1beta1/blocks/latest?tcwiki_cache_bust=1787346463899:0
[ 1335438ms] [ERROR] Failed to load resource: net::ERR_NAME_NOT_RESOLVED @ https://thornode.thorchain.network/cosmos/base/tendermint/v1beta1/blocks/latest?tcwiki_cache_bust=1787346524389:0
[ 1395881ms] [ERROR] Failed to load resource: net::ERR_NAME_NOT_RESOLVED @ https://thornode.thorchain.network/cosmos/base/tendermint/v1beta1/blocks/latest?tcwiki_cache_bust=1787346584841:0
[ 1456792ms] [ERROR] Failed to load resource: net::ERR_NAME_NOT_RESOLVED @ https://thornode.thorchain.network/cosmos/base/tendermint/v1beta1/blocks/latest?tcwiki_cache_bust=1787346645754:0
[ 1517691ms] [ERROR] Failed to load resource: net::ERR_NAME_NOT_RESOLVED @ https://thornode.thorchain.network/cosmos/base/tendermint/v1beta1/blocks/latest?tcwiki_cache_bust=1787346706655:0
[ 1578217ms] [ERROR] Failed to load resource: net::ERR_NAME_NOT_RESOLVED @ https://thornode.thorchain.network/cosmos/base/tendermint/v1beta1/blocks/latest?tcwiki_cache_bust=1787346767174:0
[ 1638953ms] [ERROR] Failed to load resource: net::ERR_NAME_NOT_RESOLVED @ https://thornode.thorchain.network/cosmos/base/tendermint/v1beta1/blocks/latest?tcwiki_cache_bust=1787346827917:0
[ 1699306ms] [ERROR] Failed to load resource: net::ERR_NAME_NOT_RESOLVED @ https://thornode.thorchain.network/cosmos/base/tendermint/v1beta1/blocks/latest?tcwiki_cache_bust=1787346888266:0
[ 1759792ms] [ERROR] Failed to load resource: net::ERR_NAME_NOT_RESOLVED @ https://thornode.thorchain.network/cosmos/base/tendermint/v1beta1/blocks/latest?tcwiki_cache_bust=1787346948753:0
[ 1820402ms] [ERROR] Failed to load resource: net::ERR_NAME_NOT_RESOLVED @ https://thornode.thorchain.network/cosmos/base/tendermint/v1beta1/blocks/latest?tcwiki_cache_bust=1787347009359:0
[ 1881381ms] [ERROR] Failed to load resource: net::ERR_NAME_NOT_RESOLVED @ https://thornode.thorchain.network/cosmos/base/tendermint/v1beta1/blocks/latest?tcwiki_cache_bust=1787347070342:0
[ 1942255ms] [ERROR] Failed to load resource: net::ERR_NAME_NOT_RESOLVED @ https://thornode.thorchain.network/cosmos/base/tendermint/v1beta1/blocks/latest?tcwiki_cache_bust=1787347131215:0
[ 2002770ms] [ERROR] Failed to load resource: net::ERR_NAME_NOT_RESOLVED @ https://thornode.thorchain.network/cosmos/base/tendermint/v1beta1/blocks/latest?tcwiki_cache_bust=1787347191732:0
[ 2063595ms] [ERROR] Failed to load resource: net::ERR_NAME_NOT_RESOLVED @ https://thornode.thorchain.network/cosmos/base/tendermint/v1beta1/blocks/latest?tcwiki_cache_bust=1787347252554:0
[ 2124655ms] [ERROR] Failed to load resource: net::ERR_NAME_NOT_RESOLVED @ https://thornode.thorchain.network/cosmos/base/tendermint/v1beta1/blocks/latest?tcwiki_cache_bust=1787347313617:0
[ 2168682ms] [ERROR] Failed to load resource: the server responded with a status of 500 (Internal Server Error) @ https://gateway.liquify.com/chain/thorchain_midgard/v2/health:0
[ 2168706ms] [ERROR] Failed to load resource: net::ERR_NAME_NOT_RESOLVED @ https://midgard.thorchain.network/v2/health:0
[ 2170522ms] [ERROR] Failed to load resource: the server responded with a status of 500 (Internal Server Error) @ https://gateway.liquify.com/chain/thorchain_midgard/v2/network:0
[ 2170533ms] [ERROR] Failed to load resource: net::ERR_NAME_NOT_RESOLVED @ https://midgard.thorchain.network/v2/network:0
[ 2184976ms] [ERROR] Failed to load resource: the server responded with a status of 500 (Internal Server Error) @ https://gateway.liquify.com/chain/thorchain_api/thorchain/version?height=27524351:0
[ 2184992ms] [ERROR] Failed to load resource: net::ERR_NAME_NOT_RESOLVED @ https://thornode.thorchain.network/cosmos/base/tendermint/v1beta1/blocks/latest?tcwiki_cache_bust=1787347373951:0
[ 2245753ms] [ERROR] Failed to load resource: net::ERR_NAME_NOT_RESOLVED @ https://thornode.thorchain.network/cosmos/base/tendermint/v1beta1/blocks/latest?tcwiki_cache_bust=1787347434618:0
[ 2306583ms] [ERROR] Failed to load resource: net::ERR_NAME_NOT_RESOLVED @ https://thornode.thorchain.network/cosmos/base/tendermint/v1beta1/blocks/latest?tcwiki_cache_bust=1787347495541:0
[ 2367096ms] [ERROR] Failed to load resource: net::ERR_NAME_NOT_RESOLVED @ https://thornode.thorchain.network/cosmos/base/tendermint/v1beta1/blocks/latest?tcwiki_cache_bust=1787347556054:0
[ 2427740ms] [ERROR] Failed to load resource: net::ERR_NAME_NOT_RESOLVED @ https://thornode.thorchain.network/cosmos/base/tendermint/v1beta1/blocks/latest?tcwiki_cache_bust=1787347616701:0
[ 2488296ms] [ERROR] Failed to load resource: net::ERR_NAME_NOT_RESOLVED @ https://thornode.thorchain.network/cosmos/base/tendermint/v1beta1/blocks/latest?tcwiki_cache_bust=1787347677256:0
[ 2548808ms] [ERROR] Failed to load resource: net::ERR_NAME_NOT_RESOLVED @ https://thornode.thorchain.network/cosmos/base/tendermint/v1beta1/blocks/latest?tcwiki_cache_bust=1787347737769:0
[ 2609288ms] [ERROR] Failed to load resource: net::ERR_NAME_NOT_RESOLVED @ https://thornode.thorchain.network/cosmos/base/tendermint/v1beta1/blocks/latest?tcwiki_cache_bust=1787347798246:0
[ 2669790ms] [ERROR] Failed to load resource: net::ERR_NAME_NOT_RESOLVED @ https://thornode.thorchain.network/cosmos/base/tendermint/v1beta1/blocks/latest?tcwiki_cache_bust=1787347858743:0
[ 2730225ms] [ERROR] Failed to load resource: net::ERR_NAME_NOT_RESOLVED @ https://thornode.thorchain.network/cosmos/base/tendermint/v1beta1/blocks/latest?tcwiki_cache_bust=1787347919186:0
[ 2790844ms] [ERROR] Failed to load resource: net::ERR_NAME_NOT_RESOLVED @ https://thornode.thorchain.network/cosmos/base/tendermint/v1beta1/blocks/latest?tcwiki_cache_bust=1787347979805:0
[ 2851686ms] [ERROR] Failed to load resource: net::ERR_NAME_NOT_RESOLVED @ https://thornode.thorchain.network/cosmos/base/tendermint/v1beta1/blocks/latest?tcwiki_cache_bust=1787348040649:0
[ 2912189ms] [ERROR] Failed to load resource: net::ERR_NAME_NOT_RESOLVED @ https://thornode.thorchain.network/cosmos/base/tendermint/v1beta1/blocks/latest?tcwiki_cache_bust=1787348101149:0
[ 2972962ms] [ERROR] Failed to load resource: net::ERR_NAME_NOT_RESOLVED @ https://thornode.thorchain.network/cosmos/base/tendermint/v1beta1/blocks/latest?tcwiki_cache_bust=1787348161922:0
[ 3033416ms] [ERROR] Failed to load resource: net::ERR_NAME_NOT_RESOLVED @ https://thornode.thorchain.network/cosmos/base/tendermint/v1beta1/blocks/latest?tcwiki_cache_bust=1787348222379:0
[ 3093893ms] [ERROR] Failed to load resource: net::ERR_NAME_NOT_RESOLVED @ https://thornode.thorchain.network/cosmos/base/tendermint/v1beta1/blocks/latest?tcwiki_cache_bust=1787348282858:0
[ 3154368ms] [ERROR] Failed to load resource: net::ERR_NAME_NOT_RESOLVED @ https://thornode.thorchain.network/cosmos/base/tendermint/v1beta1/blocks/latest?tcwiki_cache_bust=1787348343330:0
[ 3214904ms] [ERROR] Failed to load resource: net::ERR_NAME_NOT_RESOLVED @ https://thornode.thorchain.network/cosmos/base/tendermint/v1beta1/blocks/latest?tcwiki_cache_bust=1787348403867:0
[ 3275476ms] [ERROR] Failed to load resource: net::ERR_NAME_NOT_RESOLVED @ https://thornode.thorchain.network/cosmos/base/tendermint/v1beta1/blocks/latest?tcwiki_cache_bust=1787348464440:0
[ 3336315ms] [ERROR] Failed to load resource: net::ERR_NAME_NOT_RESOLVED @ https://thornode.thorchain.network/cosmos/base/tendermint/v1beta1/blocks/latest?tcwiki_cache_bust=1787348525278:0
[ 3396795ms] [ERROR] Failed to load resource: net::ERR_NAME_NOT_RESOLVED @ https://thornode.thorchain.network/cosmos/base/tendermint/v1beta1/blocks/latest?tcwiki_cache_bust=1787348585759:0
[ 3457593ms] [ERROR] Failed to load resource: net::ERR_NAME_NOT_RESOLVED @ https://thornode.thorchain.network/cosmos/base/tendermint/v1beta1/blocks/latest?tcwiki_cache_bust=1787348646557:0
[ 3518225ms] [ERROR] Failed to load resource: net::ERR_NAME_NOT_RESOLVED @ https://thornode.thorchain.network/cosmos/base/tendermint/v1beta1/blocks/latest?tcwiki_cache_bust=1787348707185:0
[ 3578873ms] [ERROR] Failed to load resource: net::ERR_NAME_NOT_RESOLVED @ https://thornode.thorchain.network/cosmos/base/tendermint/v1beta1/blocks/latest?tcwiki_cache_bust=1787348767835:0
[ 3639384ms] [ERROR] Failed to load resource: net::ERR_NAME_NOT_RESOLVED @ https://thornode.thorchain.network/cosmos/base/tendermint/v1beta1/blocks/latest?tcwiki_cache_bust=1787348828346:0
[ 3700183ms] [ERROR] Failed to load resource: net::ERR_NAME_NOT_RESOLVED @ https://thornode.thorchain.network/cosmos/base/tendermint/v1beta1/blocks/latest?tcwiki_cache_bust=1787348889147:0
[ 3761034ms] [ERROR] Failed to load resource: net::ERR_NAME_NOT_RESOLVED @ https://thornode.thorchain.network/cosmos/base/tendermint/v1beta1/blocks/latest?tcwiki_cache_bust=1787348949992:0
[ 3821603ms] [ERROR] Failed to load resource: net::ERR_NAME_NOT_RESOLVED @ https://thornode.thorchain.network/cosmos/base/tendermint/v1beta1/blocks/latest?tcwiki_cache_bust=1787349010567:0
